---
source: tests/corpus.rs
expression: "format!(\"{cst}\\n=== core ===\\n{core}\")"
---
Document@0..144
  Heading@0..15
    Eq@0..1 "="
    Whitespace@1..2 " "
    Text@2..8 "Notist"
    Whitespace@8..9 " "
    Text@9..15 "巡览"
  Newline@15..16 "\n"
  Newline@16..17 "\n"
  Heading@17..26
    Eq@17..19 "=="
    Whitespace@19..20 " "
    Text@20..26 "标题"
  Newline@26..27 "\n"
  Newline@27..28 "\n"
  Heading@28..36
    Eq@28..29 "="
    Whitespace@29..30 " "
    Text@30..36 "一级"
  Newline@36..37 "\n"
  Heading@37..46
    Eq@37..39 "=="
    Whitespace@39..40 " "
    Text@40..46 "二级"
  Newline@46..47 "\n"
  Heading@47..57
    Eq@47..50 "==="
    Whitespace@50..51 " "
    Text@51..57 "三级"
  Newline@57..58 "\n"
  Newline@58..59 "\n"
  Heading@59..68
    Eq@59..61 "=="
    Whitespace@61..62 " "
    Text@62..68 "段落"
  Newline@68..69 "\n"
  Newline@69..70 "\n"
  Paragraph@70..113
    Text@70..91 "单换行直接拼接"
    Newline@91..92 "\n"
    Text@92..113 "同一段落内继续"
  Newline@113..114 "\n"
  Newline@114..115 "\n"
  Paragraph@115..127
    Text@115..127 "空行分段"
  Newline@127..128 "\n"
  Newline@128..129 "\n"
  Paragraph@129..135
    Text@129..135 "强制"
  ParBreak@135..137
    Backslash@135..136 "\\"
    Newline@136..137 "\n"
  Paragraph@137..143
    Text@137..143 "分段"
  Newline@143..144 "\n"

=== core ===
(doc @0..144
  (heading @0..15 :level 1
    (text @2..15 :text "Notist 巡览")
  )
  (heading @17..26 :level 2
    (text @20..26 :text "标题")
  )
  (heading @28..36 :level 1
    (text @30..36 :text "一级")
  )
  (heading @37..46 :level 2
    (text @40..46 :text "二级")
  )
  (heading @47..57 :level 3
    (text @51..57 :text "三级")
  )
  (heading @59..68 :level 2
    (text @62..68 :text "段落")
  )
  (paragraph @70..113
    (text @70..91 :text "单换行直接拼接")
    (text @92..113 :text "同一段落内继续")
  )
  (paragraph @115..127
    (text @115..127 :text "空行分段")
  )
  (paragraph @129..135
    (text @129..135 :text "强制")
  )
  (paragraph @137..143
    (text @137..143 :text "分段")
  )
)
