---
source: tests/corpus.rs
expression: "format!(\"{cst}\\n=== core ===\\n{core}\")"
---
Document@0..140
  Escape@0..2 "\\*"
  Text@2..14 "不是强调"
  Escape@14..16 "\\*"
  Newline@16..17 "\n"
  Newline@17..18 "\n"
  Text@18..24 "行尾"
  ParBreak@24..26
    Backslash@24..25 "\\"
    Newline@25..26 "\n"
  Text@26..38 "换行继续"
  Newline@38..39 "\n"
  Newline@39..40 "\n"
  Text@40..46 "普通"
  Whitespace@46..47 " "
  Backslash@47..48 "\\"
  Text@48..49 "a"
  Whitespace@49..50 " "
  Text@50..56 "保留"
  Newline@56..57 "\n"
  Escape@57..59 "\\\\"
  Whitespace@59..60 " "
  Text@60..75 "转义反斜杠"
  Newline@75..76 "\n"
  Newline@76..77 "\n"
  Text@77..86 "转义的"
  Whitespace@86..87 " "
  Underscore@87..88 "_"
  Text@88..89 "a"
  Whitespace@89..90 " "
  Escape@90..92 "\\_"
  Whitespace@92..93 " "
  Text@93..94 "b"
  Whitespace@94..95 " "
  Text@95..113 "不算闭界定符"
  Newline@113..114 "\n"
  Newline@114..115 "\n"
  Text@115..139 "段落边界保持正常"
  Newline@139..140 "\n"

=== core ===
(doc @0..140
  (paragraph @0..16
    (text @0..16 :text "*不是强调*")
  )
  (paragraph @18..24
    (text @18..24 :text "行尾")
  )
  (paragraph @26..38
    (text @26..38 :text "换行继续")
  )
  (paragraph @40..75
    (text @40..56 :text "普通 \\a 保留")
    (text @57..75 :text "\\ 转义反斜杠")
  )
  (paragraph @77..113
    (text @77..113 :text "转义的 _a _ b 不算闭界定符")
  )
  (paragraph @115..139
    (text @115..139 :text "段落边界保持正常")
  )
)
