---
source: tests/corpus.rs
expression: "format!(\"{cst}\\n=== core ===\\n{core}\")"
---
Document@0..177
  Paragraph@0..19
    Strong@0..8
      Star@0..1 "*"
      Text@1..7 "strong"
      Star@7..8 "*"
    Whitespace@8..9 " "
    Text@9..12 "和"
    Whitespace@12..13 " "
    Emph@13..19
      Underscore@13..14 "_"
      Text@14..18 "emph"
      Underscore@18..19 "_"
  Newline@19..20 "\n"
  Newline@20..21 "\n"
  Paragraph@21..45
    Strong@21..45
      Star@21..22 "*"
      Text@22..28 "嵌套"
      Whitespace@28..29 " "
      Emph@29..37
        Underscore@29..30 "_"
        Text@30..36 "内层"
        Underscore@36..37 "_"
      Whitespace@37..38 " "
      Text@38..44 "完毕"
      Star@44..45 "*"
  Newline@45..46 "\n"
  Newline@46..47 "\n"
  Paragraph@47..67
    Text@47..56 "未配对"
    Whitespace@56..57 " "
    Star@57..58 "*"
    Text@58..67 "只有开"
  Newline@67..68 "\n"
  Newline@68..69 "\n"
  Paragraph@69..89
    Text@69..75 "紧邻"
    Whitespace@75..76 " "
    Strong@76..79
      Star@76..77 "*"
      Text@77..78 "a"
      Star@78..79 "*"
    Strong@79..82
      Star@79..80 "*"
      Text@80..81 "b"
      Star@81..82 "*"
    Whitespace@82..83 " "
    Text@83..89 "两个"
  Newline@89..90 "\n"
  Newline@90..91 "\n"
  Paragraph@91..103
    Text@91..94 "空"
    Whitespace@94..95 " "
    Star@95..96 "*"
    Star@96..97 "*"
    Text@97..103 "内容"
  Newline@103..104 "\n"
  Newline@104..105 "\n"
  Paragraph@105..125
    Text@105..111 "中文"
    Emph@111..119
      Underscore@111..112 "_"
      Text@112..118 "斜体"
      Underscore@118..119 "_"
    Text@119..125 "混排"
  Newline@125..126 "\n"
  Newline@126..127 "\n"
  Paragraph@127..148
    Text@127..130 "foo"
    Emph@130..135
      Underscore@130..131 "_"
      Text@131..134 "bar"
      Underscore@134..135 "_"
    Text@135..138 "baz"
    Whitespace@138..139 " "
    Text@139..148 "的妥协"
  Newline@148..149 "\n"
  Newline@149..150 "\n"
  Paragraph@150..176
    Text@150..156 "跨行"
    Whitespace@156..157 " "
    Strong@157..169
      Star@157..158 "*"
      Text@158..162 "soft"
      Newline@162..163 "\n"
      Text@163..168 "break"
      Star@168..169 "*"
    Whitespace@169..170 " "
    Text@170..176 "配对"
  Newline@176..177 "\n"

=== core ===
(doc @0..177
  (paragraph @0..19
    (strong @0..8
      (text @1..7 :text "strong")
    )
    (text @9..12 :text "和")
    (emph @13..19
      (text @14..18 :text "emph")
    )
  )
  (paragraph @21..45
    (strong @21..45
      (text @22..28 :text "嵌套")
      (emph @29..37
        (text @30..36 :text "内层")
      )
      (text @38..44 :text "完毕")
    )
  )
  (paragraph @47..67
    (text @47..67 :text "未配对 *只有开")
  )
  (paragraph @69..89
    (text @69..75 :text "紧邻")
    (strong @76..79
      (text @77..78 :text "a")
    )
    (strong @79..82
      (text @80..81 :text "b")
    )
    (text @83..89 :text "两个")
  )
  (paragraph @91..103
    (text @91..103 :text "空 **内容")
  )
  (paragraph @105..125
    (text @105..111 :text "中文")
    (emph @111..119
      (text @112..118 :text "斜体")
    )
    (text @119..125 :text "混排")
  )
  (paragraph @127..148
    (text @127..130 :text "foo")
    (emph @130..135
      (text @131..134 :text "bar")
    )
    (text @135..148 :text "baz 的妥协")
  )
  (paragraph @150..176
    (text @150..156 :text "跨行")
    (strong @157..169
      (text @158..162 :text "soft")
      (text @163..168 :text "break")
    )
    (text @170..176 :text "配对")
  )
)
