---
source: tests/corpus.rs
expression: "format!(\"{cst}\\n=== core ===\\n{core}\")"
---
Document@0..76
  Paragraph@0..16
    Inline@0..16
      Escape@0..2
        Backslash@0..1 "\\"
        Star@1..2 "*"
      Text@2..14 "不是强调"
      Escape@14..16
        Backslash@14..15 "\\"
        Star@15..16 "*"
  Newline@16..17 "\n"
  Newline@17..18 "\n"
  Paragraph@18..38
    Inline@18..38
      Text@18..24 "行尾"
      HardBreak@24..26
        Backslash@24..25 "\\"
        Newline@25..26 "\n"
      Text@26..38 "换行继续"
  Newline@38..39 "\n"
  Newline@39..40 "\n"
  Paragraph@40..75
    Inline@40..75
      Text@40..46 "普通"
      Whitespace@46..47 " "
      Backslash@47..48 "\\"
      Text@48..49 "a"
      Whitespace@49..50 " "
      Text@50..56 "保留"
      Newline@56..57 "\n"
      Escape@57..59
        Backslash@57..58 "\\"
        Backslash@58..59 "\\"
      Whitespace@59..60 " "
      Text@60..75 "转义反斜杠"
  Newline@75..76 "\n"

=== core ===
(doc @0..76
  (paragraph @0..16
    (text @0..16 :text "*不是强调*")
  )
  (paragraph @18..38
    (text @18..24 :text "行尾")
    (hardbreak @24..26)
    (text @26..38 :text "换行继续")
  )
  (paragraph @40..75
    (text @40..56 :text "普通 \\a 保留")
    (softbreak @56..57)
    (text @57..75 :text "\\ 转义反斜杠")
  )
)
