---
source: tests/corpus.rs
expression: "format!(\"{cst}\\n=== core ===\\n{core}\")"
---
Document@0..605
  CodeCall@0..39
    Hash@0..1 "#"
    Path@1..8
      Ident@1..8 "callout"
    LParen@8..9 "("
    Entry@9..24
      Ident@9..13 "kind"
      Colon@13..14 ":"
      Whitespace@14..15 " "
      Str@15..24 "\"warning\""
    RParen@24..25 ")"
    LBracket@25..26 "["
    Text@26..38 "注意内容"
    RBracket@38..39 "]"
  Newline@39..40 "\n"
  Newline@40..41 "\n"
  CodeCall@41..80
    Hash@41..42 "#"
    Path@42..46
      Ident@42..46 "link"
    LParen@46..47 "("
    Str@47..68 "\"https://example.com\""
    RParen@68..69 ")"
    LBracket@69..70 "["
    Text@70..79 "带文字"
    RBracket@79..80 "]"
  Newline@80..81 "\n"
  Newline@81..82 "\n"
  CodeCall@82..102
    Hash@82..83 "#"
    Path@83..89
      Ident@83..89 "strong"
    LBracket@89..90 "["
    Text@90..96 "直接"
    Whitespace@96..97 " "
    Text@97..101 "body"
    RBracket@101..102 "]"
  Newline@102..103 "\n"
  Newline@103..104 "\n"
  Hash@104..105 "#"
  LParen@105..106 "("
  Number@106..108 "42"
  RParen@108..109 ")"
  Newline@109..110 "\n"
  Newline@110..111 "\n"
  CodeCall@111..131
    Hash@111..112 "#"
    Path@112..114
      Ident@112..114 "fn"
    LParen@114..115 "("
    Ident@115..121 "嵌套"
    Whitespace@121..122 " "
    Group@122..130
      LParen@122..123 "("
      Ident@123..129 "深度"
      RParen@129..130 ")"
    RParen@130..131 ")"
  Newline@131..132 "\n"
  Newline@132..133 "\n"
  Text@133..136 "裸"
  Whitespace@136..137 " "
  Hash@137..138 "#"
  Whitespace@138..139 " "
  Text@139..151 "只是字符"
  Newline@151..152 "\n"
  Newline@152..153 "\n"
  CodeCall@153..178
    Hash@153..154 "#"
    LBracket@154..155 "["
    Text@155..161 "匿名"
    Whitespace@161..162 " "
    Strong@162..170
      Star@162..163 "*"
      Text@163..169 "内容"
      Star@169..170 "*"
    Whitespace@170..171 " "
    Text@171..177 "拼接"
    RBracket@177..178 "]"
  Newline@178..179 "\n"
  Newline@179..180 "\n"
  CodeCall@180..203
    Hash@180..181 "#"
    Path@181..187
      Ident@181..187 "strong"
    LBracket@187..188 "["
    Text@188..194 "空行"
    Newline@194..195 "\n"
    Newline@195..196 "\n"
    Text@196..202 "粉碎"
    RBracket@202..203 "]"
  Newline@203..204 "\n"
  Newline@204..205 "\n"
  Hash@205..206 "#"
  Ident@206..209 "foo"
  LBracket@209..210 "["
  Text@210..219 "未闭合"
  Newline@219..220 "\n"
  CodeCall@220..303
    Hash@220..221 "#"
    Path@221..225
      Ident@221..225 "note"
    LParen@225..226 "("
    Entry@226..238
      Ident@226..230 "kind"
      Colon@230..231 ":"
      Whitespace@231..232 " "
      Str@232..238 "\"demo\""
    RParen@238..239 ")"
    LBracket@239..240 "["
    Newline@240..241 "\n"
    Text@241..244 "块"
    Whitespace@244..245 " "
    Text@245..249 "body"
    Whitespace@249..250 " "
    Text@250..259 "第一段"
    Newline@259..260 "\n"
    Newline@260..261 "\n"
    List@261..290
      ListItem@261..275
        Minus@261..262 "-"
        Whitespace@262..263 " "
        Text@263..275 "列表项甲"
      Newline@275..276 "\n"
      ListItem@276..290
        Minus@276..277 "-"
        Whitespace@277..278 " "
        Text@278..290 "列表项乙"
    Newline@290..291 "\n"
    Newline@291..292 "\n"
    Text@292..301 "第二段"
    Newline@301..302 "\n"
    RBracket@302..303 "]"
  Newline@303..304 "\n"
  Newline@304..305 "\n"
  CodeCall@305..317
    Hash@305..306 "#"
    Path@306..312
      Ident@306..312 "strong"
    LBracket@312..313 "["
    Whitespace@313..314 " "
    Text@314..315 "x"
    Whitespace@315..316 " "
    RBracket@316..317 "]"
  Newline@317..318 "\n"
  Text@318..321 "块"
  Whitespace@321..322 " "
  Text@322..326 "body"
  Whitespace@326..327 " "
  Text@327..333 "喂给"
  Whitespace@333..334 " "
  Text@334..340 "inline"
  Whitespace@340..341 " "
  Text@341..350 "构造器"
  Newline@350..351 "\n"
  Newline@351..352 "\n"
  CodeCall@352..363
    Hash@352..353 "#"
    Path@353..357
      Ident@353..357 "list"
    LBracket@357..358 "["
    Text@358..362 "body"
    RBracket@362..363 "]"
  Newline@363..364 "\n"
  Text@364..370 "inline"
  Whitespace@370..371 " "
  Text@371..375 "body"
  Whitespace@375..376 " "
  Text@376..391 "提升为段落"
  Newline@391..392 "\n"
  Newline@392..393 "\n"
  CodeCall@393..410
    Hash@393..394 "#"
    Path@394..398
      Ident@394..398 "demo"
    LParen@398..399 "("
    LBracket@399..400 "["
    Ident@400..401 "x"
    RBracket@401..402 "]"
    Comma@402..403 ","
    Whitespace@403..404 " "
    LBracket@404..405 "["
    Whitespace@405..406 " "
    Ident@406..407 "y"
    Whitespace@407..408 " "
    RBracket@408..409 "]"
    RParen@409..410 ")"
  Newline@410..411 "\n"
  Text@411..438 "参数位置内容字 ..."
  Newline@438..439 "\n"
  Newline@439..440 "\n"
  CodeCall@440..467
    Hash@440..441 "#"
    LBracket@441..442 "["
    Newline@442..443 "\n"
    Text@443..455 "块级匿名"
    Newline@455..456 "\n"
    Newline@456..457 "\n"
    List@457..465
      ListItem@457..465
        Minus@457..458 "-"
        Whitespace@458..459 " "
        Text@459..465 "列表"
    Newline@465..466 "\n"
    RBracket@466..467 "]"
  Newline@467..468 "\n"
  Newline@468..469 "\n"
  CodeCall@469..476
    Hash@469..470 "#"
    Path@470..473
      Ident@470..473 "raw"
    LBracket@473..474 "["
    Text@474..475 "x"
    RBracket@475..476 "]"
  Newline@476..477 "\n"
  Text@477..486 "不接受"
  Whitespace@486..487 " "
  Text@487..495 "children"
  Newline@495..496 "\n"
  Newline@496..497 "\n"
  CodeCall@497..506
    Hash@497..498 "#"
    Path@498..499
      Ident@498..499 "f"
    LParen@499..500 "("
    Group@500..505
      LParen@500..501 "("
      Str@501..504 "\"x\""
      RParen@504..505 ")"
    RParen@505..506 ")"
  Newline@506..507 "\n"
  Text@507..515 "grouping"
  Whitespace@515..516 " "
  Text@516..528 "透明求值"
  Newline@528..529 "\n"
  Newline@529..530 "\n"
  CodeCall@530..542
    Hash@530..531 "#"
    Path@531..532
      Ident@531..532 "f"
    LParen@532..533 "("
    Array@533..541
      LParen@533..534 "("
      Number@534..535 "1"
      Comma@535..536 ","
      Whitespace@536..537 " "
      Group@537..540
        LParen@537..538 "("
        Number@538..539 "2"
        RParen@539..540 ")"
      RParen@540..541 ")"
    RParen@541..542 ")"
  Newline@542..543 "\n"
  Text@543..555 "数组里的"
  Whitespace@555..556 " "
  Text@556..564 "grouping"
  Newline@564..565 "\n"
  Newline@565..566 "\n"
  CodeCall@566..576
    Hash@566..567 "#"
    Path@567..568
      Ident@567..568 "f"
    LParen@568..569 "("
    Array@569..575
      LParen@569..570 "("
      Str@570..573 "\"x\""
      Comma@573..574 ","
      RParen@574..575 ")"
    RParen@575..576 ")"
  Newline@576..577 "\n"
  Text@577..604 "单元素数组要尾 ..."
  Newline@604..605 "\n"

=== core ===
error[syntax] @194..194: inline content cannot contain a blank line
error[syntax] @605..605: unclosed code call body
error[semantic] @115..121: bare names are not literals
error[semantic] @123..129: bare names are not literals
error[semantic] @399..400: content is mounted with `[..]` after the call, not passed as an argument
error[semantic] @404..405: content is mounted with `[..]` after the call, not passed as an argument
error[type] @111..131: unknown constructor `fn`
error[type] @220..303: unknown constructor `note`
error[type] @305..317: `strong` takes inline content; write the body as `[..]` without inner padding
error[type] @358..362: `list` takes only item children
error[type] @393..410: unknown constructor `demo`
error[type] @469..476: `raw` requires `text`
error[type] @469..476: `raw` takes no children
error[type] @497..506: unknown constructor `f`
error[type] @530..542: unknown constructor `f`
error[type] @566..576: unknown constructor `f`
(doc @0..605
  (callout @0..39 :kind "warning"
    (paragraph @0..39
      (text @26..38 :text "注意内容")
    )
  )
  (paragraph @41..80
    (link @41..80 :target "https://example.com"
      (text @70..79 :text "带文字")
    )
  )
  (paragraph @82..102
    (strong @82..102
      (text @90..101 :text "直接 body")
    )
  )
  (paragraph @104..109
    (text @104..109 :text "#(42)")
  )
  (paragraph @111..131
    (fn @111..131)
  )
  (paragraph @133..151
    (text @133..151 :text "裸 # 只是字符")
  )
  (paragraph @153..178
    (group @153..178
      (text @155..162 :text "匿名 ")
      (strong @162..170
        (text @163..169 :text "内容")
      )
      (text @170..177 :text " 拼接")
    )
  )
  (paragraph @180..203
    (strong @180..203
      (text @188..194 :text "空行")
      (text @196..202 :text "粉碎")
    )
  )
  (paragraph @205..219
    (text @205..219 :text "#foo[未闭合")
  )
  (note @220..303 :kind "demo"
    (paragraph @241..259
      (text @241..259 :text "块 body 第一段")
    )
    (list @261..290 :ordered false :start 1
      (listitem @261..275
        (paragraph @263..275
          (text @263..275 :text "列表项甲")
        )
      )
      (listitem @276..290
        (paragraph @278..290
          (text @278..290 :text "列表项乙")
        )
      )
    )
    (paragraph @292..301
      (text @292..301 :text "第二段")
    )
  )
  (paragraph @305..350
    (strong @305..317
      (paragraph @314..315
        (text @314..315 :text "x")
      )
    )
    (text @318..350 :text "块 body 喂给 inline 构造器")
  )
  (list @352..363 :ordered false :start 1
    (text @358..362 :text "body")
  )
  (paragraph @364..391
    (text @364..391 :text "inline body 提升为段落")
  )
  (paragraph @393..438
    (demo @393..410)
    (text @411..438 :text "参数位置内容字面量")
  )
  (group @440..467
    (paragraph @443..455
      (text @443..455 :text "块级匿名")
    )
    (list @457..465 :ordered false :start 1
      (listitem @457..465
        (paragraph @459..465
          (text @459..465 :text "列表")
        )
      )
    )
  )
  (paragraph @469..495
    (rawinline @469..476
      (text @474..475 :text "x")
    )
    (text @477..495 :text "不接受 children")
  )
  (paragraph @497..528
    (f @497..506 :args ("x"))
    (text @507..528 :text "grouping 透明求值")
  )
  (paragraph @530..564
    (f @530..542 :args ((1, 2)))
    (text @543..564 :text "数组里的 grouping")
  )
  (paragraph @566..604
    (f @566..576 :args (("x")))
    (text @577..604 :text "单元素数组要尾逗号")
  )
)
